// Jest Snapshot v1, https://goo.gl/fbAQLP

exports[`renders user data 1`] = `
<div>
  <pre>
    {"name":"Joni Baez","age":"32","address":"123, Charming Avenue"}
  </pre>
</div>
`;
